{
  "errors": [
    {
      "message": "service timeout"
    }
  ],
  "extensions": {
    "durationMilliseconds": 2,
    "operationName": "operation-name",
    "requestID": "request-id"
  }
}